// Jest Snapshot v1, https://goo.gl/fbAQLP

exports[`Carousel 1`] = `
<div
  class="carousel slide"
  data-ride="carousel"
  id="carousel"
>
  <div
    class="carousel-inner"
  >
    <div
      class="carousel-item active"
    >
      <img
        alt=""
        class="d-block w-100"
        src="/images/first.jpeg"
      />
    </div>
    <div
      class="carousel-item"
    >
      <img
        alt=""
        class="d-block w-100"
        src="/images/second.jpeg"
      />
    </div>
    <div
      class="carousel-item"
    >
      <img
        alt=""
        class="d-block w-100"
        src="/images/third.jpeg"
      />
    </div>
  </div>
  <a
    class="carousel-control-prev"
    data-slide="prev"
    href="#carousel"
    role="button"
  >
    <span
      class="carousel-control-prev-icon"
    />
    <span
      class="sr-only"
    >
      Previous
    </span>
  </a>
  <a
    class="carousel-control-next"
    data-slide="next"
    href="#carousel"
    role="button"
  >
    <span
      class="carousel-control-next-icon"
    />
    <span
      class="sr-only"
    >
      Next
    </span>
  </a>
</div>
`;

exports[`Carousel 2`] = `
<div
  class="carousel slide"
  data-ride="carousel"
  id="carousel"
>
  <div
    class="carousel-inner"
  >
    <div
      class="carousel-item"
    >
      <img
        alt=""
        class="d-block w-100"
        src="/images/first.jpeg"
      />
    </div>
    <div
      class="carousel-item active"
    >
      <img
        alt=""
        class="d-block w-100"
        src="/images/second.jpeg"
      />
    </div>
    <div
      class="carousel-item"
    >
      <img
        alt=""
        class="d-block w-100"
        src="/images/third.jpeg"
      />
    </div>
  </div>
  <a
    class="carousel-control-prev"
    data-slide="prev"
    href="#carousel"
    role="button"
  >
    <span
      class="carousel-control-prev-icon"
    />
    <span
      class="sr-only"
    >
      Previous
    </span>
  </a>
  <a
    class="carousel-control-next"
    data-slide="next"
    href="#carousel"
    role="button"
  >
    <span
      class="carousel-control-next-icon"
    />
    <span
      class="sr-only"
    >
      Next
    </span>
  </a>
</div>
`;

exports[`Carousel 2 1`] = `
<div
  class="carousel slide"
  data-ride="carousel"
  id="carousel"
>
  <div
    class="carousel-inner"
  >
    <div
      class="carousel-item active"
    >
      <img
        alt=""
        class="d-block w-100"
        src="/images/1.jpeg"
      />
    </div>
    <div
      class="carousel-item"
    >
      <img
        alt=""
        class="d-block w-100"
        src="/images/2.jpeg"
      />
    </div>
    <div
      class="carousel-item"
    >
      <img
        alt=""
        class="d-block w-100"
        src="/images/3.jpeg"
      />
    </div>
  </div>
  <a
    class="carousel-control-prev"
    data-slide="prev"
    href="#carousel"
    role="button"
  >
    <span
      class="carousel-control-prev-icon"
    />
    <span
      class="sr-only"
    >
      Previous
    </span>
  </a>
  <a
    class="carousel-control-next"
    data-slide="next"
    href="#carousel"
    role="button"
  >
    <span
      class="carousel-control-next-icon"
    />
    <span
      class="sr-only"
    >
      Next
    </span>
  </a>
</div>
`;

exports[`Carousel 2 2`] = `
<div
  class="carousel slide"
  data-ride="carousel"
  id="carousel"
>
  <div
    class="carousel-inner"
  >
    <div
      class="carousel-item"
    >
      <img
        alt=""
        class="d-block w-100"
        src="/images/1.jpeg"
      />
    </div>
    <div
      class="carousel-item active"
    >
      <img
        alt=""
        class="d-block w-100"
        src="/images/2.jpeg"
      />
    </div>
    <div
      class="carousel-item"
    >
      <img
        alt=""
        class="d-block w-100"
        src="/images/3.jpeg"
      />
    </div>
  </div>
  <a
    class="carousel-control-prev"
    data-slide="prev"
    href="#carousel"
    role="button"
  >
    <span
      class="carousel-control-prev-icon"
    />
    <span
      class="sr-only"
    >
      Previous
    </span>
  </a>
  <a
    class="carousel-control-next"
    data-slide="next"
    href="#carousel"
    role="button"
  >
    <span
      class="carousel-control-next-icon"
    />
    <span
      class="sr-only"
    >
      Next
    </span>
  </a>
</div>
`;

exports[`Carousel 2 3`] = `
<div
  class="carousel slide"
  data-ride="carousel"
  id="carousel"
>
  <div
    class="carousel-inner"
  >
    <div
      class="carousel-item"
    >
      <img
        alt=""
        class="d-block w-100"
        src="/images/1.jpeg"
      />
    </div>
    <div
      class="carousel-item"
    >
      <img
        alt=""
        class="d-block w-100"
        src="/images/2.jpeg"
      />
    </div>
    <div
      class="carousel-item active"
    >
      <img
        alt=""
        class="d-block w-100"
        src="/images/3.jpeg"
      />
    </div>
  </div>
  <a
    class="carousel-control-prev"
    data-slide="prev"
    href="#carousel"
    role="button"
  >
    <span
      class="carousel-control-prev-icon"
    />
    <span
      class="sr-only"
    >
      Previous
    </span>
  </a>
  <a
    class="carousel-control-next"
    data-slide="next"
    href="#carousel"
    role="button"
  >
    <span
      class="carousel-control-next-icon"
    />
    <span
      class="sr-only"
    >
      Next
    </span>
  </a>
</div>
`;

exports[`Carousel 2 4`] = `
<div
  class="carousel slide"
  data-ride="carousel"
  id="carousel"
>
  <div
    class="carousel-inner"
  >
    <div
      class="carousel-item active"
    >
      <img
        alt=""
        class="d-block w-100"
        src="/images/1.jpeg"
      />
    </div>
    <div
      class="carousel-item"
    >
      <img
        alt=""
        class="d-block w-100"
        src="/images/2.jpeg"
      />
    </div>
    <div
      class="carousel-item"
    >
      <img
        alt=""
        class="d-block w-100"
        src="/images/3.jpeg"
      />
    </div>
  </div>
  <a
    class="carousel-control-prev"
    data-slide="prev"
    href="#carousel"
    role="button"
  >
    <span
      class="carousel-control-prev-icon"
    />
    <span
      class="sr-only"
    >
      Previous
    </span>
  </a>
  <a
    class="carousel-control-next"
    data-slide="next"
    href="#carousel"
    role="button"
  >
    <span
      class="carousel-control-next-icon"
    />
    <span
      class="sr-only"
    >
      Next
    </span>
  </a>
</div>
`;

exports[`Carousel 3`] = `
<div
  class="carousel slide"
  data-ride="carousel"
  id="carousel"
>
  <div
    class="carousel-inner"
  >
    <div
      class="carousel-item"
    >
      <img
        alt=""
        class="d-block w-100"
        src="/images/first.jpeg"
      />
    </div>
    <div
      class="carousel-item"
    >
      <img
        alt=""
        class="d-block w-100"
        src="/images/second.jpeg"
      />
    </div>
    <div
      class="carousel-item active"
    >
      <img
        alt=""
        class="d-block w-100"
        src="/images/third.jpeg"
      />
    </div>
  </div>
  <a
    class="carousel-control-prev"
    data-slide="prev"
    href="#carousel"
    role="button"
  >
    <span
      class="carousel-control-prev-icon"
    />
    <span
      class="sr-only"
    >
      Previous
    </span>
  </a>
  <a
    class="carousel-control-next"
    data-slide="next"
    href="#carousel"
    role="button"
  >
    <span
      class="carousel-control-next-icon"
    />
    <span
      class="sr-only"
    >
      Next
    </span>
  </a>
</div>
`;

exports[`Carousel 4`] = `
<div
  class="carousel slide"
  data-ride="carousel"
  id="carousel"
>
  <div
    class="carousel-inner"
  >
    <div
      class="carousel-item active"
    >
      <img
        alt=""
        class="d-block w-100"
        src="/images/first.jpeg"
      />
    </div>
    <div
      class="carousel-item"
    >
      <img
        alt=""
        class="d-block w-100"
        src="/images/second.jpeg"
      />
    </div>
    <div
      class="carousel-item"
    >
      <img
        alt=""
        class="d-block w-100"
        src="/images/third.jpeg"
      />
    </div>
  </div>
  <a
    class="carousel-control-prev"
    data-slide="prev"
    href="#carousel"
    role="button"
  >
    <span
      class="carousel-control-prev-icon"
    />
    <span
      class="sr-only"
    >
      Previous
    </span>
  </a>
  <a
    class="carousel-control-next"
    data-slide="next"
    href="#carousel"
    role="button"
  >
    <span
      class="carousel-control-next-icon"
    />
    <span
      class="sr-only"
    >
      Next
    </span>
  </a>
</div>
`;

exports[`Carousel 5`] = `
<div
  class="carousel slide"
  data-ride="carousel"
  id="carousel"
>
  <div
    class="carousel-inner"
  >
    <div
      class="carousel-item"
    >
      <img
        alt=""
        class="d-block w-100"
        src="/images/first.jpeg"
      />
    </div>
    <div
      class="carousel-item"
    >
      <img
        alt=""
        class="d-block w-100"
        src="/images/second.jpeg"
      />
    </div>
    <div
      class="carousel-item active"
    >
      <img
        alt=""
        class="d-block w-100"
        src="/images/third.jpeg"
      />
    </div>
  </div>
  <a
    class="carousel-control-prev"
    data-slide="prev"
    href="#carousel"
    role="button"
  >
    <span
      class="carousel-control-prev-icon"
    />
    <span
      class="sr-only"
    >
      Previous
    </span>
  </a>
  <a
    class="carousel-control-next"
    data-slide="next"
    href="#carousel"
    role="button"
  >
    <span
      class="carousel-control-next-icon"
    />
    <span
      class="sr-only"
    >
      Next
    </span>
  </a>
</div>
`;

exports[`Carousel 6`] = `
<div
  class="carousel slide"
  data-ride="carousel"
  id="carousel"
>
  <div
    class="carousel-inner"
  >
    <div
      class="carousel-item"
    >
      <img
        alt=""
        class="d-block w-100"
        src="/images/first.jpeg"
      />
    </div>
    <div
      class="carousel-item active"
    >
      <img
        alt=""
        class="d-block w-100"
        src="/images/second.jpeg"
      />
    </div>
    <div
      class="carousel-item"
    >
      <img
        alt=""
        class="d-block w-100"
        src="/images/third.jpeg"
      />
    </div>
  </div>
  <a
    class="carousel-control-prev"
    data-slide="prev"
    href="#carousel"
    role="button"
  >
    <span
      class="carousel-control-prev-icon"
    />
    <span
      class="sr-only"
    >
      Previous
    </span>
  </a>
  <a
    class="carousel-control-next"
    data-slide="next"
    href="#carousel"
    role="button"
  >
    <span
      class="carousel-control-next-icon"
    />
    <span
      class="sr-only"
    >
      Next
    </span>
  </a>
</div>
`;

exports[`Carousel 7`] = `
<div
  class="carousel slide"
  data-ride="carousel"
  id="carousel"
>
  <div
    class="carousel-inner"
  >
    <div
      class="carousel-item active"
    >
      <img
        alt=""
        class="d-block w-100"
        src="/images/first.jpeg"
      />
    </div>
    <div
      class="carousel-item"
    >
      <img
        alt=""
        class="d-block w-100"
        src="/images/second.jpeg"
      />
    </div>
    <div
      class="carousel-item"
    >
      <img
        alt=""
        class="d-block w-100"
        src="/images/third.jpeg"
      />
    </div>
  </div>
  <a
    class="carousel-control-prev"
    data-slide="prev"
    href="#carousel"
    role="button"
  >
    <span
      class="carousel-control-prev-icon"
    />
    <span
      class="sr-only"
    >
      Previous
    </span>
  </a>
  <a
    class="carousel-control-next"
    data-slide="next"
    href="#carousel"
    role="button"
  >
    <span
      class="carousel-control-next-icon"
    />
    <span
      class="sr-only"
    >
      Next
    </span>
  </a>
</div>
`;

exports[`Carousel 8`] = `
<div
  class="carousel slide"
  data-ride="carousel"
  id="carousel"
>
  <div
    class="carousel-inner"
  >
    <div
      class="carousel-item"
    >
      <img
        alt=""
        class="d-block w-100"
        src="/images/first.jpeg"
      />
    </div>
    <div
      class="carousel-item"
    >
      <img
        alt=""
        class="d-block w-100"
        src="/images/second.jpeg"
      />
    </div>
    <div
      class="carousel-item active"
    >
      <img
        alt=""
        class="d-block w-100"
        src="/images/third.jpeg"
      />
    </div>
  </div>
  <a
    class="carousel-control-prev"
    data-slide="prev"
    href="#carousel"
    role="button"
  >
    <span
      class="carousel-control-prev-icon"
    />
    <span
      class="sr-only"
    >
      Previous
    </span>
  </a>
  <a
    class="carousel-control-next"
    data-slide="next"
    href="#carousel"
    role="button"
  >
    <span
      class="carousel-control-next-icon"
    />
    <span
      class="sr-only"
    >
      Next
    </span>
  </a>
</div>
`;
